09-20 11:01:16.727  8638  8638 I SurfaceControl:  setExtendedRangeBrightness sc=Surface(name=Toast)/@0x605c6b0,currentBufferRatio=1.0,desiredRatio=1.0
09-20 11:01:16.732  8638  8828 D BLASTBufferQueue: [VRI[Toast]#5](f:0,a:1) acquireNextBufferLocked size=295x162 mFrameNumber=1 applyTransaction=true mTimestamp=703133805846601(auto) mPendingTransactions.size=0 graphicBufferId=37099927502878 transform=0
09-20 11:01:16.732  8638  8828 D VRI[Toast]: Received frameCommittedCallback lastAttemptedDrawFrameNum=1 didProduceBuffer=true syncBuffer=false
09-20 11:01:16.732  8638  8638 D VRI[Toast]: draw finished.
09-20 11:01:16.732  8638  8638 D VRI[Toast]: reportDrawFinished
09-20 11:01:16.733  8638  8638 D ViewRootImplExtImpl: setMaxDequeuedBufferCount: 2
09-20 11:01:16.733  8638  8638 I Quality : Skipped: false 1 cost 18.056917 refreshRate 16336865 bit true processName com.sarkar.cheats
09-20 11:01:16.750  8638  8828 D VRI[Toast]: Received frameCommittedCallback lastAttemptedDrawFrameNum=2 didProduceBuffer=false syncBuffer=false
09-20 11:01:16.750  8638  8638 D VRI[Toast]: draw finished.
09-20 11:01:16.750  8638  8638 D VRI[Toast]: reportDrawFinished
09-20 11:01:17.334  8638  8890 D OplusScrollToTopManager: com.sarkar.cheats/com.gloader.activity.LoginActivity,This DecorView@a230caf[LoginActivity] change focus to true
09-20 11:01:17.544  8638  8638 D callGcSupression: java.lang.NullPointerException: Attempt to invoke virtual method 'java.lang.Object java.lang.reflect.Method.invoke(java.lang.Object, java.lang.Object[])' on a null object reference
09-20 11:01:17.744  8638  8638 D VRI[LoginActivity]: onFocusEvent false
09-20 11:01:17.758  8638  8828 I gralloc4: @set_metadata: update dataspace from GM (0x00000000 -> 0x08010000)
09-20 11:01:18.562  8638  8638 D callGcSupression: java.lang.NullPointerException: Attempt to invoke virtual method 'java.lang.Object java.lang.reflect.Method.invoke(java.lang.Object, java.lang.Object[])' on a null object reference
09-20 11:01:18.562  8638  8638 D ScrollOptim [SceneManager]: updateCurrentActivity: mCurrentActivityName=null, isOptEnable=true, isAnimAheadEnable=true, isFrameInsertEnable=true, InsertNum=1, isEnabledForScrollChanged=false
09-20 11:01:18.562  8638  8889 D VRI[LoginActivity]: dispatchAppVisibility visible:false
09-20 11:01:18.574  8638  8638 D OpenGLRenderer: RenderProxy::destroy: this=0x71543d5200, mContext=0x71542ea9c0
09-20 11:01:18.574  8638  8828 D OpenGLRenderer: SkiaOpenGLPipeline::setSurface: this=0x7137daa080, surface=NULL
09-20 11:01:18.583  8638  8638 D ViewRootImplExtImpl: wrapConfigInfoIntoFlags rotation=0, smallestScreenWidthDp=360, relayoutAsync=false, newFlags=23592960, title=com.sarkar.cheats/com.gloader.activity.LoginActivity
09-20 11:01:18.593  8638  8638 D VRI[LoginActivity]: relayoutWindow result, sizeChanged:false, surfaceControlChanged:true, transformHintChanged:false, mSurfaceSize:Point(720, 1612), mLastSurfaceSize:Point(720, 1612), mWidth:720, mHeight:1612, requestedWidth:720, requestedHeight:1612, transformHint:0, lastTransformHint:0, installOrientation:0, displayRotation:0, isSurfaceValid:false, attr.flag:-2122252032, useBlast:true, tmpFrames:ClientWindowFrames{frame=[0,0][720,1612] display=[0,0][720,1612] parentFrame=[0,0][0,0]}, params:null
09-20 11:01:18.594  8638  8638 D BLASTBufferQueue: [VRI[LoginActivity]#2](f:0,a:1) destructor()
09-20 11:01:18.594  8638  8638 D BufferQueueConsumer: [VRI[LoginActivity]#2(BLAST Consumer)2](id:21be00000002,api:0,p:-1,c:8638) disconnect
09-20 11:01:18.597  8638  8828 I GED     : ged_boost_gpu_freq, level 100, eOrigin 2, final_idx 31, oppidx_max 31, oppidx_min 0
09-20 11:01:18.599  8638  8638 D callGcSupression: java.lang.NullPointerException: Attempt to invoke virtual method 'java.lang.Object java.lang.reflect.Method.invoke(java.lang.Object, java.lang.Object[])' on a null object reference
09-20 11:01:18.599  8638  8638 D VRI[LoginActivity]: setWindowStopped stopped:true
09-20 11:01:18.608  8638  8638 W VRI[Toast]: handleResized abandoned!
09-20 11:01:18.691  8638  8638 D OplusScrollToTopManager: Toast,window dying
09-20 11:01:18.691  8638  8638 D OplusScrollToTopManager: Toast,unregisterSystemUIBroadcastReceiver 
09-20 11:01:18.691  8638  8638 D OplusScrollToTopManager: Toast, unregisterSystemUIBroadcastReceiver failed java.lang.IllegalArgumentException: Receiver not registered: android.view.OplusScrollToTopManager$2@3303be0
09-20 11:01:18.691  8638  8638 W WindowOnBackDispatcher: sendCancelIfRunning: isInProgress=falsecallback=android.view.ViewRootImpl$$ExternalSyntheticLambda17@5fb7462
09-20 11:01:18.694  8638  8638 D OpenGLRenderer: RenderProxy::destroy: this=0x71543b9200, mContext=0x7123767140
09-20 11:01:18.694  8638  8828 D OpenGLRenderer: SkiaOpenGLPipeline::setSurface: this=0x7137daa1c0, surface=NULL
09-20 11:01:18.695  8638  8828 I GED     : ged_boost_gpu_freq, level 100, eOrigin 2, final_idx 31, oppidx_max 31, oppidx_min 0
09-20 11:01:18.695  8638  8638 D BLASTBufferQueue: [VRI[Toast]#5](f:0,a:1) destructor()
09-20 11:01:18.696  8638  8638 D BufferQueueConsumer: [VRI[Toast]#5(BLAST Consumer)5](id:21be00000005,api:0,p:-1,c:8638) disconnect
09-20 11:01:18.746  8638  8890 D OplusScrollToTopManager: com.sarkar.cheats/com.gloader.activity.LoginActivity,This DecorView@a230caf[LoginActivity] change focus to false
09-20 11:01:19.417  8638  9145 D ProfileInstaller: Skipping profile installation for com.sarkar.cheats
09-20 11:01:20.683  8638  8638 D ActivityThread: do gfx trim 40 success
09-20 11:01:20.683  8638  8828 I GED     : ged_boost_gpu_freq, level 100, eOrigin 2, final_idx 31, oppidx_max 31, oppidx_min 0
09-20 11:01:20.684  8638  8828 D OpenGLRenderer: RenderThread::destroyRenderingContext: this=0x71a16c5e80
09-20 11:01:20.684  8638  8828 D OpenGLRenderer: SkiaOpenGLPipeline::onContextDestroyed: this=0x7137da9040
09-20 11:01:20.684  8638  8828 D OpenGLRenderer: SkiaOpenGLPipeline::onContextDestroyed: this=0x7137da9e00
09-20 11:01:20.684  8638  8828 D OpenGLRenderer: SkiaOpenGLPipeline::onContextDestroyed: this=0x7137daa080
09-20 11:01:20.684  8638  8828 D OpenGLRenderer: SkiaOpenGLPipeline::onContextDestroyed: this=0x7137daa1c0
09-20 11:01:20.684  8638  8828 D OpenGLRenderer: SkiaOpenGLPipeline::onContextDestroyed: this=0x728a31b480
09-20 11:01:20.684  8638  8828 D OpenGLRenderer: SkiaOpenGLPipeline::onContextDestroyed: this=0x728a31b5c0
09-20 11:01:20.684  8638  8828 I GED     : ged_boost_gpu_freq, level 100, eOrigin 2, final_idx 31, oppidx_max 31, oppidx_min 0
09-20 11:01:20.685  8638  8828 D OpenGLRenderer: EglManager::destroy: mEglDisplay=0xb4000071a17122c0, mEglContext=0x7139ef1a00, mCurrentSurface=0x0
09-20 11:01:20.772  8638  8638 D callGcSupression: java.lang.NullPointerException: Attempt to invoke virtual method 'java.lang.Object java.lang.reflect.Method.invoke(java.lang.Object, java.lang.Object[])' on a null object reference
09-20 11:01:20.773  8638  8638 D OplusScrollToTopManager: com.sarkar.cheats/com.gloader.activity.StartActivity,window dying
09-20 11:01:20.773  8638  8638 D OplusScrollToTopManager: com.sarkar.cheats/com.gloader.activity.StartActivity,unregisterSystemUIBroadcastReceiver 
09-20 11:01:20.774  8638  8638 D OplusScrollToTopManager: com.sarkar.cheats/com.gloader.activity.StartActivity, unregisterSystemUIBroadcastReceiver failed java.lang.IllegalArgumentException: Receiver not registered: android.view.OplusScrollToTopManager$2@7682e5b
09-20 11:01:20.774  8638  8638 W Windo